[INFO  Mon 03 Nov 2025 06:11:54 PM CET] ...zy/mason.nvim/lua/mason-core/installer/InstallRunner.lua:40: Executing installer for Package(name=lua-language-server) {
  debug = false,
  force = false,
  strict = false
}
[INFO  Mon 03 Nov 2025 06:11:54 PM CET] ...zy/mason.nvim/lua/mason-core/installer/InstallRunner.lua:40: Executing installer for Package(name=stylua) {
  debug = false,
  force = false,
  strict = false
}
[ERROR Mon 03 Nov 2025 06:11:55 PM CET] ...al/share/nvim/lazy/mason.nvim/lua/mason-core/process.lua:226: Failed to spawn process. cmd="unzip", err="ENOENT: no such file or directory"
[ERROR Mon 03 Nov 2025 06:11:55 PM CET] ...zy/mason.nvim/lua/mason-core/installer/InstallRunner.lua:93: Installation failed for Package(name=stylua) error=spawn: unzip failed with exit code - and signal -. Could not find executable "unzip" in PATH.

[INFO  Mon 03 Nov 2025 06:11:57 PM CET] ...zy/mason.nvim/lua/mason-core/installer/InstallRunner.lua:86: Installation succeeded for Package(name=lua-language-server)
[INFO  Mon 03 Nov 2025 06:22:15 PM CET] ...zy/mason.nvim/lua/mason-core/installer/InstallRunner.lua:40: Executing installer for Package(name=stylua) {
  debug = false,
  force = false,
  strict = false
}
[ERROR Mon 03 Nov 2025 06:22:17 PM CET] ...al/share/nvim/lazy/mason.nvim/lua/mason-core/process.lua:226: Failed to spawn process. cmd="unzip", err="ENOENT: no such file or directory"
[ERROR Mon 03 Nov 2025 06:22:17 PM CET] ...zy/mason.nvim/lua/mason-core/installer/InstallRunner.lua:93: Installation failed for Package(name=stylua) error=spawn: unzip failed with exit code - and signal -. Could not find executable "unzip" in PATH.

[INFO  Mon 03 Nov 2025 06:25:56 PM CET] ...zy/mason.nvim/lua/mason-core/installer/InstallRunner.lua:40: Executing installer for Package(name=stylua) {
  debug = false,
  force = false,
  strict = false
}
[ERROR Mon 03 Nov 2025 06:25:58 PM CET] ...al/share/nvim/lazy/mason.nvim/lua/mason-core/process.lua:226: Failed to spawn process. cmd="unzip", err="ENOENT: no such file or directory"
[ERROR Mon 03 Nov 2025 06:25:58 PM CET] ...zy/mason.nvim/lua/mason-core/installer/InstallRunner.lua:93: Installation failed for Package(name=stylua) error=spawn: unzip failed with exit code - and signal -. Could not find executable "unzip" in PATH.

[INFO  Mon 03 Nov 2025 06:27:52 PM CET] ...zy/mason.nvim/lua/mason-core/installer/InstallRunner.lua:40: Executing installer for Package(name=stylua) {
  debug = false,
  force = false,
  strict = false
}
[ERROR Mon 03 Nov 2025 06:27:54 PM CET] ...al/share/nvim/lazy/mason.nvim/lua/mason-core/process.lua:226: Failed to spawn process. cmd="unzip", err="ENOENT: no such file or directory"
[ERROR Mon 03 Nov 2025 06:27:54 PM CET] ...zy/mason.nvim/lua/mason-core/installer/InstallRunner.lua:93: Installation failed for Package(name=stylua) error=spawn: unzip failed with exit code - and signal -. Could not find executable "unzip" in PATH.

[INFO  Mon 03 Nov 2025 06:35:20 PM CET] ...zy/mason.nvim/lua/mason-core/installer/InstallRunner.lua:40: Executing installer for Package(name=stylua) {
  debug = false,
  force = false,
  strict = false
}
[ERROR Mon 03 Nov 2025 06:35:22 PM CET] ...al/share/nvim/lazy/mason.nvim/lua/mason-core/process.lua:226: Failed to spawn process. cmd="unzip", err="ENOENT: no such file or directory"
[ERROR Mon 03 Nov 2025 06:35:22 PM CET] ...zy/mason.nvim/lua/mason-core/installer/InstallRunner.lua:93: Installation failed for Package(name=stylua) error=spawn: unzip failed with exit code - and signal -. Could not find executable "unzip" in PATH.

[INFO  Mon 03 Nov 2025 08:41:32 PM CET] ...zy/mason.nvim/lua/mason-core/installer/InstallRunner.lua:40: Executing installer for Package(name=stylua) {
  debug = false,
  force = false,
  strict = false
}
[ERROR Mon 03 Nov 2025 08:41:36 PM CET] ...al/share/nvim/lazy/mason.nvim/lua/mason-core/process.lua:226: Failed to spawn process. cmd="unzip", err="ENOENT: no such file or directory"
[ERROR Mon 03 Nov 2025 08:41:36 PM CET] ...zy/mason.nvim/lua/mason-core/installer/InstallRunner.lua:93: Installation failed for Package(name=stylua) error=spawn: unzip failed with exit code - and signal -. Could not find executable "unzip" in PATH.

[INFO  Mon 03 Nov 2025 08:48:54 PM CET] ...zy/mason.nvim/lua/mason-core/installer/InstallRunner.lua:40: Executing installer for Package(name=stylua) {
  debug = false,
  force = false,
  strict = false
}
[ERROR Mon 03 Nov 2025 08:48:58 PM CET] ...al/share/nvim/lazy/mason.nvim/lua/mason-core/process.lua:226: Failed to spawn process. cmd="unzip", err="ENOENT: no such file or directory"
[ERROR Mon 03 Nov 2025 08:48:58 PM CET] ...zy/mason.nvim/lua/mason-core/installer/InstallRunner.lua:93: Installation failed for Package(name=stylua) error=spawn: unzip failed with exit code - and signal -. Could not find executable "unzip" in PATH.

[INFO  Mon 03 Nov 2025 08:49:17 PM CET] ...zy/mason.nvim/lua/mason-core/installer/InstallRunner.lua:40: Executing installer for Package(name=stylua) {
  debug = false,
  force = false,
  strict = false
}
[ERROR Mon 03 Nov 2025 08:49:20 PM CET] ...al/share/nvim/lazy/mason.nvim/lua/mason-core/process.lua:226: Failed to spawn process. cmd="unzip", err="ENOENT: no such file or directory"
[ERROR Mon 03 Nov 2025 08:49:20 PM CET] ...zy/mason.nvim/lua/mason-core/installer/InstallRunner.lua:93: Installation failed for Package(name=stylua) error=spawn: unzip failed with exit code - and signal -. Could not find executable "unzip" in PATH.

